#-----------------------------------------------------------
# Vivado v2018.3 (64-bit)
# SW Build 2405991 on Thu Dec  6 23:38:27 MST 2018
# IP Build 2404404 on Fri Dec  7 01:43:56 MST 2018
# Start of session at: Mon Nov 13 06:11:51 2023
# Process ID: 73748
# Current directory: E:/Vivado/Cordic_calculator_base
# Command line: vivado.exe -gui_launcher_event rodinguilauncherevent62776 E:\Vivado\Cordic_calculator_base\Cordic_calculator.xpr
# Log file: E:/Vivado/Cordic_calculator_base/vivado.log
# Journal file: E:/Vivado/Cordic_calculator_base\vivado.jou
#-----------------------------------------------------------
start_gui
open_project E:/Vivado/Cordic_calculator_base/Cordic_calculator.xpr
update_compile_order -fileset sources_1
export_ip_user_files -of_objects  [get_files E:/Vivado/Cordic_calculator_base/Cordic_calculator.srcs/sources_1/new/bin2bcd_54bits_new.v] -no_script -reset -force -quiet
remove_files  E:/Vivado/Cordic_calculator_base/Cordic_calculator.srcs/sources_1/new/bin2bcd_54bits_new.v
open_hw
connect_hw_server -url localhost:3121
current_hw_target [get_hw_targets */xilinx_tcf/Digilent/210183741427A]
set_property PARAM.FREQUENCY 15000000 [get_hw_targets */xilinx_tcf/Digilent/210183741427A]
open_hw_target
set_property PROGRAM.FILE {E:/Vivado/Cordic_calculator_base/Cordic_calculator.runs/impl_1/Cordic_top.bit} [get_hw_devices xc7a35t_0]
current_hw_device [get_hw_devices xc7a35t_0]
refresh_hw_device -update_hw_probes false [lindex [get_hw_devices xc7a35t_0] 0]
set_property PROBES.FILE {} [get_hw_devices xc7a35t_0]
set_property FULL_PROBES.FILE {} [get_hw_devices xc7a35t_0]
set_property PROGRAM.FILE {E:/Vivado/Cordic_calculator_base/Cordic_calculator.runs/impl_1/Cordic_top.bit} [get_hw_devices xc7a35t_0]
program_hw_devices [get_hw_devices xc7a35t_0]
refresh_hw_device [lindex [get_hw_devices xc7a35t_0] 0]
